// 重构日志: 6f295ac7
// 重构日志: 7517faea
// 重构日志: ad2b92dd
// 重构日志: 1b4f0f17
// 同步 ID: da80f1ae @ Sun Jul 19 14:36:15 UTC 2026
// 重构日志: fdde2289
// 重构日志: 74e03d9f
// 同步 ID: 206dd0e0 @ Mon Jul 20 05:28:33 UTC 2026
// 同步 ID: a6d005a4 @ Mon Jul 20 12:48:39 UTC 2026
// 重构日志: 6e577d50
// 重构日志: fc5ce141
// 重构日志: ef067090
// 重构日志: d751b2b1
// 同步 ID: 0034bcaa @ Wed Jul 22 12:17:30 UTC 2026
// 重构日志: bbfb4779
// 同步 ID: 3927bbdc @ Thu Jul 23 04:30:05 UTC 2026
// 重构日志: d562cb8d
// 重构日志: 6e8ea756
// 同步 ID: 865825ae @ Fri Jul 24 22:15:30 UTC 2026
// 重构日志: 7478c817
// 重构日志: d56e386d
// 重构日志: 7cb54eed
// 重构日志: 70ced5e3
// 同步 ID: e7584fbf @ Sun Jul 26 04:47:15 UTC 2026
// 重构日志: 6c1091fb
// 同步 ID: 6da42723 @ Sun Jul 26 14:17:20 UTC 2026
// 同步 ID: f89cb37d @ Tue Jul 28 21:04:34 UTC 2026
// 同步 ID: 800d42b9 @ Wed Jul 29 10:03:37 UTC 2026
// 同步 ID: 2c5123d7 @ Wed Jul 29 12:54:20 UTC 2026
// 同步 ID: dc598351 @ Wed Jul 29 15:44:43 UTC 2026
// 重构日志: 45bf0bc4
// 重构日志: 3a7778b8
